19:37:36 **** Incremental Build of configuration Debug for project Prototype_3_Testing ****
make -j16 all 
arm-none-eabi-gcc "../Core/Src/main.c" -mcpu=cortex-m4 -std=gnu11 -g3 -DDEBUG -DUSE_HAL_DRIVER -DSTM32L432xx -c -I../Core/Inc -I../Drivers/STM32L4xx_HAL_Driver/Inc -I../Drivers/STM32L4xx_HAL_Driver/Inc/Legacy -I../Drivers/CMSIS/Device/ST/STM32L4xx/Include -I../Drivers/CMSIS/Include -O0 -ffunction-sections -fdata-sections -Wall -fstack-usage -fcyclomatic-complexity -MMD -MP -MF"Core/Src/main.d" -MT"Core/Src/main.o" --specs=nano.specs -mfpu=fpv4-sp-d16 -mfloat-abi=hard -mthumb -o "Core/Src/main.o"
../Core/Src/main.c: In function 'main':
../Core/Src/main.c:145:10: warning: unused variable 'highXbits' [-Wunused-variable]
  145 |  uint8_t highXbits = spiReadByte(0x29);
      |          ^~~~~~~~~
../Core/Src/main.c:144:10: warning: unused variable 'lowXbits' [-Wunused-variable]
  144 |  uint8_t lowXbits = spiReadByte(0x28);
      |          ^~~~~~~~
../Core/Src/main.c:132:17: warning: unused variable 'z' [-Wunused-variable]
  132 |   uint8_t x, y, z = 0; // Acceleration values
      |                 ^
../Core/Src/main.c:132:14: warning: unused variable 'y' [-Wunused-variable]
  132 |   uint8_t x, y, z = 0; // Acceleration values
      |              ^
../Core/Src/main.c:132:11: warning: unused variable 'x' [-Wunused-variable]
  132 |   uint8_t x, y, z = 0; // Acceleration values
      |           ^
../Core/Src/main.c:121:11: warning: unused variable 'debug' [-Wunused-variable]
  121 |   uint8_t debug = spiReadByte(0x0F); // Should be 0x31 = 51
      |           ^~~~~
arm-none-eabi-gcc -o "Prototype_3_Testing.elf" @"objects.list"   -mcpu=cortex-m4 -T"C:\Users\Xande\Desktop\HMC Files\Junior\Spring\Clinic\MCU_components_code\CubeWorkspace\Prototype_3_Testing\STM32L432KBUX_FLASH.ld" --specs=nosys.specs -Wl,-Map="Prototype_3_Testing.map" -Wl,--gc-sections -static --specs=nano.specs -mfpu=fpv4-sp-d16 -mfloat-abi=hard -mthumb -Wl,--start-group -lc -lm -Wl,--end-group
Finished building target: Prototype_3_Testing.elf
 
arm-none-eabi-size   Prototype_3_Testing.elf 
arm-none-eabi-objdump -h -S  Prototype_3_Testing.elf  > "Prototype_3_Testing.list"
   text	   data	    bss	    dec	    hex	filename
   9688	     24	   1784	  11496	   2ce8	Prototype_3_Testing.elf
Finished building: default.size.stdout
 
Finished building: Prototype_3_Testing.list
 

19:37:37 Build Finished. 0 errors, 6 warnings. (took 799ms)

